Archive member included because of file (symbol)

/usr/lib/gcc/avr/4.5.3/avr5/libgcc.a(_udivmodsi4.o)
                              ./Analog_Digital.o (__udivmodsi4)
/usr/lib/gcc/avr/4.5.3/avr5/libgcc.a(_exit.o)
                              /usr/lib/gcc/avr/4.5.3/../../../avr/lib/avr5/crtm328p.o (exit)
/usr/lib/gcc/avr/4.5.3/avr5/libgcc.a(_copy_data.o)
                              ./Analog_Digital.o (__do_copy_data)
/usr/lib/gcc/avr/4.5.3/avr5/libgcc.a(_clear_bss.o)
                              ./Analog_Digital.o (__do_clear_bss)
/usr/lib/gcc/avr/4.5.3/avr5/libgcc.a(_ctors.o)
                              ./Analog_Digital.o (__do_global_ctors)
/usr/lib/gcc/avr/4.5.3/avr5/libgcc.a(_dtors.o)
                              ./Analog_Digital.o (__do_global_dtors)
/usr/lib/gcc/avr/4.5.3/avr5/libgcc.a(_fixunssfsi.o)
                              ./Analog_Digital.o (__fixunssfsi)
/usr/lib/gcc/avr/4.5.3/avr5/libgcc.a(_addsub_sf.o)
                              /usr/lib/gcc/avr/4.5.3/avr5/libgcc.a(_fixunssfsi.o) (__subsf3)
/usr/lib/gcc/avr/4.5.3/avr5/libgcc.a(_mul_sf.o)
                              ./main.o (__mulsf3)
/usr/lib/gcc/avr/4.5.3/avr5/libgcc.a(_gt_sf.o)
                              ./main.o (__gtsf2)
/usr/lib/gcc/avr/4.5.3/avr5/libgcc.a(_ge_sf.o)
                              /usr/lib/gcc/avr/4.5.3/avr5/libgcc.a(_fixunssfsi.o) (__gesf2)
/usr/lib/gcc/avr/4.5.3/avr5/libgcc.a(_lt_sf.o)
                              ./main.o (__ltsf2)
/usr/lib/gcc/avr/4.5.3/avr5/libgcc.a(_sf_to_si.o)
                              /usr/lib/gcc/avr/4.5.3/avr5/libgcc.a(_fixunssfsi.o) (__fixsfsi)
/usr/lib/gcc/avr/4.5.3/avr5/libgcc.a(_thenan_sf.o)
                              /usr/lib/gcc/avr/4.5.3/avr5/libgcc.a(_addsub_sf.o) (__thenan_sf)
/usr/lib/gcc/avr/4.5.3/avr5/libgcc.a(_usi_to_sf.o)
                              ./Analog_Digital.o (__floatunsisf)
/usr/lib/gcc/avr/4.5.3/avr5/libgcc.a(_prologue.o)
                              /usr/lib/gcc/avr/4.5.3/avr5/libgcc.a(_addsub_sf.o) (__prologue_saves__)
/usr/lib/gcc/avr/4.5.3/avr5/libgcc.a(_epilogue.o)
                              /usr/lib/gcc/avr/4.5.3/avr5/libgcc.a(_addsub_sf.o) (__epilogue_restores__)
/usr/lib/gcc/avr/4.5.3/avr5/libgcc.a(_tablejump.o)
                              /usr/lib/gcc/avr/4.5.3/avr5/libgcc.a(_ctors.o) (__tablejump__)
/usr/lib/gcc/avr/4.5.3/avr5/libgcc.a(_clzsi2.o)
                              /usr/lib/gcc/avr/4.5.3/avr5/libgcc.a(_usi_to_sf.o) (__clzsi2)
/usr/lib/gcc/avr/4.5.3/avr5/libgcc.a(_pack_sf.o)
                              /usr/lib/gcc/avr/4.5.3/avr5/libgcc.a(_addsub_sf.o) (__pack_f)
/usr/lib/gcc/avr/4.5.3/avr5/libgcc.a(_unpack_sf.o)
                              /usr/lib/gcc/avr/4.5.3/avr5/libgcc.a(_addsub_sf.o) (__unpack_f)
/usr/lib/gcc/avr/4.5.3/avr5/libgcc.a(_fpcmp_parts_sf.o)
                              /usr/lib/gcc/avr/4.5.3/avr5/libgcc.a(_gt_sf.o) (__fpcmp_parts_f)
/usr/lib/gcc/avr/4.5.3/avr5/libgcc.a(_clz.o)
                              /usr/lib/gcc/avr/4.5.3/avr5/libgcc.a(_clzsi2.o) (__clz_tab)
/usr/lib/gcc/avr/4.5.3/../../../avr/lib/avr5/libm.a(sqrt.o)
                              ./Analog_Digital.o (sqrt)
/usr/lib/gcc/avr/4.5.3/../../../avr/lib/avr5/libm.a(fp_mpack.o)
                              /usr/lib/gcc/avr/4.5.3/../../../avr/lib/avr5/libm.a(sqrt.o) (__fp_mpack)
/usr/lib/gcc/avr/4.5.3/../../../avr/lib/avr5/libm.a(fp_nan.o)
                              /usr/lib/gcc/avr/4.5.3/../../../avr/lib/avr5/libm.a(sqrt.o) (__fp_nan)
/usr/lib/gcc/avr/4.5.3/../../../avr/lib/avr5/libm.a(fp_norm2.o)
                              /usr/lib/gcc/avr/4.5.3/../../../avr/lib/avr5/libm.a(sqrt.o) (__fp_norm2)
/usr/lib/gcc/avr/4.5.3/../../../avr/lib/avr5/libm.a(fp_split3.o)
                              /usr/lib/gcc/avr/4.5.3/../../../avr/lib/avr5/libm.a(sqrt.o) (__fp_splitA)
/usr/lib/gcc/avr/4.5.3/../../../avr/lib/avr5/libc.a(malloc.o)
                              ./Analog_Digital.o (free)

Allocating common symbols
Common symbol       size              file

__brkval            0x2               /usr/lib/gcc/avr/4.5.3/../../../avr/lib/avr5/libc.a(malloc.o)
__flp               0x2               /usr/lib/gcc/avr/4.5.3/../../../avr/lib/avr5/libc.a(malloc.o)

Discarded input sections

 .data          0x0000000000000000        0x0 /usr/lib/gcc/avr/4.5.3/../../../avr/lib/avr5/crtm328p.o
 .bss           0x0000000000000000        0x0 /usr/lib/gcc/avr/4.5.3/../../../avr/lib/avr5/crtm328p.o
 .text          0x0000000000000000        0x0 ./Analog_Digital.o
 .data          0x0000000000000000        0x0 ./Analog_Digital.o
 .bss           0x0000000000000000        0x0 ./Analog_Digital.o
 .text._ZN14Analog_Digital9to_analogEm
                0x0000000000000000       0x38 ./Analog_Digital.o
 .text          0x0000000000000000        0x0 ./Uart.o
 .data          0x0000000000000000        0x0 ./Uart.o
 .bss           0x0000000000000000        0x0 ./Uart.o
 .text._ZN4Uart3getEv
                0x0000000000000000       0x20 ./Uart.o
 .text._ZN4Uart8has_dataEv
                0x0000000000000000       0x20 ./Uart.o
 .text._ZN4Uart11interruptonEv
                0x0000000000000000       0x10 ./Uart.o
 .text._ZN4Uart12interruptoffEv
                0x0000000000000000       0x10 ./Uart.o
 .text          0x0000000000000000        0x0 ./main.o
 .data          0x0000000000000000        0x0 ./main.o
 .bss           0x0000000000000000        0x0 ./main.o
 .text          0x0000000000000000        0x0 /usr/lib/gcc/avr/4.5.3/avr5/libgcc.a(_udivmodsi4.o)
 .data          0x0000000000000000        0x0 /usr/lib/gcc/avr/4.5.3/avr5/libgcc.a(_udivmodsi4.o)
 .bss           0x0000000000000000        0x0 /usr/lib/gcc/avr/4.5.3/avr5/libgcc.a(_udivmodsi4.o)
 .text          0x0000000000000000        0x0 /usr/lib/gcc/avr/4.5.3/avr5/libgcc.a(_exit.o)
 .data          0x0000000000000000        0x0 /usr/lib/gcc/avr/4.5.3/avr5/libgcc.a(_exit.o)
 .bss           0x0000000000000000        0x0 /usr/lib/gcc/avr/4.5.3/avr5/libgcc.a(_exit.o)
 .text.libgcc   0x0000000000000000        0x0 /usr/lib/gcc/avr/4.5.3/avr5/libgcc.a(_exit.o)
 .text          0x0000000000000000        0x0 /usr/lib/gcc/avr/4.5.3/avr5/libgcc.a(_copy_data.o)
 .data          0x0000000000000000        0x0 /usr/lib/gcc/avr/4.5.3/avr5/libgcc.a(_copy_data.o)
 .bss           0x0000000000000000        0x0 /usr/lib/gcc/avr/4.5.3/avr5/libgcc.a(_copy_data.o)
 .text.libgcc   0x0000000000000000        0x0 /usr/lib/gcc/avr/4.5.3/avr5/libgcc.a(_copy_data.o)
 .text          0x0000000000000000        0x0 /usr/lib/gcc/avr/4.5.3/avr5/libgcc.a(_clear_bss.o)
 .data          0x0000000000000000        0x0 /usr/lib/gcc/avr/4.5.3/avr5/libgcc.a(_clear_bss.o)
 .bss           0x0000000000000000        0x0 /usr/lib/gcc/avr/4.5.3/avr5/libgcc.a(_clear_bss.o)
 .text.libgcc   0x0000000000000000        0x0 /usr/lib/gcc/avr/4.5.3/avr5/libgcc.a(_clear_bss.o)
 .text          0x0000000000000000        0x0 /usr/lib/gcc/avr/4.5.3/avr5/libgcc.a(_ctors.o)
 .data          0x0000000000000000        0x0 /usr/lib/gcc/avr/4.5.3/avr5/libgcc.a(_ctors.o)
 .bss           0x0000000000000000        0x0 /usr/lib/gcc/avr/4.5.3/avr5/libgcc.a(_ctors.o)
 .text.libgcc   0x0000000000000000        0x0 /usr/lib/gcc/avr/4.5.3/avr5/libgcc.a(_ctors.o)
 .text          0x0000000000000000        0x0 /usr/lib/gcc/avr/4.5.3/avr5/libgcc.a(_dtors.o)
 .data          0x0000000000000000        0x0 /usr/lib/gcc/avr/4.5.3/avr5/libgcc.a(_dtors.o)
 .bss           0x0000000000000000        0x0 /usr/lib/gcc/avr/4.5.3/avr5/libgcc.a(_dtors.o)
 .text.libgcc   0x0000000000000000        0x0 /usr/lib/gcc/avr/4.5.3/avr5/libgcc.a(_dtors.o)
 .data          0x0000000000000000        0x0 /usr/lib/gcc/avr/4.5.3/avr5/libgcc.a(_fixunssfsi.o)
 .bss           0x0000000000000000        0x0 /usr/lib/gcc/avr/4.5.3/avr5/libgcc.a(_fixunssfsi.o)
 .data          0x0000000000000000        0x0 /usr/lib/gcc/avr/4.5.3/avr5/libgcc.a(_addsub_sf.o)
 .bss           0x0000000000000000        0x0 /usr/lib/gcc/avr/4.5.3/avr5/libgcc.a(_addsub_sf.o)
 .data          0x0000000000000000        0x0 /usr/lib/gcc/avr/4.5.3/avr5/libgcc.a(_mul_sf.o)
 .bss           0x0000000000000000        0x0 /usr/lib/gcc/avr/4.5.3/avr5/libgcc.a(_mul_sf.o)
 .data          0x0000000000000000        0x0 /usr/lib/gcc/avr/4.5.3/avr5/libgcc.a(_gt_sf.o)
 .bss           0x0000000000000000        0x0 /usr/lib/gcc/avr/4.5.3/avr5/libgcc.a(_gt_sf.o)
 .data          0x0000000000000000        0x0 /usr/lib/gcc/avr/4.5.3/avr5/libgcc.a(_ge_sf.o)
 .bss           0x0000000000000000        0x0 /usr/lib/gcc/avr/4.5.3/avr5/libgcc.a(_ge_sf.o)
 .data          0x0000000000000000        0x0 /usr/lib/gcc/avr/4.5.3/avr5/libgcc.a(_lt_sf.o)
 .bss           0x0000000000000000        0x0 /usr/lib/gcc/avr/4.5.3/avr5/libgcc.a(_lt_sf.o)
 .data          0x0000000000000000        0x0 /usr/lib/gcc/avr/4.5.3/avr5/libgcc.a(_sf_to_si.o)
 .bss           0x0000000000000000        0x0 /usr/lib/gcc/avr/4.5.3/avr5/libgcc.a(_sf_to_si.o)
 .text          0x0000000000000000        0x0 /usr/lib/gcc/avr/4.5.3/avr5/libgcc.a(_thenan_sf.o)
 .bss           0x0000000000000000        0x0 /usr/lib/gcc/avr/4.5.3/avr5/libgcc.a(_thenan_sf.o)
 .data          0x0000000000000000        0x0 /usr/lib/gcc/avr/4.5.3/avr5/libgcc.a(_usi_to_sf.o)
 .bss           0x0000000000000000        0x0 /usr/lib/gcc/avr/4.5.3/avr5/libgcc.a(_usi_to_sf.o)
 .text          0x0000000000000000        0x0 /usr/lib/gcc/avr/4.5.3/avr5/libgcc.a(_prologue.o)
 .data          0x0000000000000000        0x0 /usr/lib/gcc/avr/4.5.3/avr5/libgcc.a(_prologue.o)
 .bss           0x0000000000000000        0x0 /usr/lib/gcc/avr/4.5.3/avr5/libgcc.a(_prologue.o)
 .text          0x0000000000000000        0x0 /usr/lib/gcc/avr/4.5.3/avr5/libgcc.a(_epilogue.o)
 .data          0x0000000000000000        0x0 /usr/lib/gcc/avr/4.5.3/avr5/libgcc.a(_epilogue.o)
 .bss           0x0000000000000000        0x0 /usr/lib/gcc/avr/4.5.3/avr5/libgcc.a(_epilogue.o)
 .text          0x0000000000000000        0x0 /usr/lib/gcc/avr/4.5.3/avr5/libgcc.a(_tablejump.o)
 .data          0x0000000000000000        0x0 /usr/lib/gcc/avr/4.5.3/avr5/libgcc.a(_tablejump.o)
 .bss           0x0000000000000000        0x0 /usr/lib/gcc/avr/4.5.3/avr5/libgcc.a(_tablejump.o)
 .data          0x0000000000000000        0x0 /usr/lib/gcc/avr/4.5.3/avr5/libgcc.a(_clzsi2.o)
 .bss           0x0000000000000000        0x0 /usr/lib/gcc/avr/4.5.3/avr5/libgcc.a(_clzsi2.o)
 .data          0x0000000000000000        0x0 /usr/lib/gcc/avr/4.5.3/avr5/libgcc.a(_pack_sf.o)
 .bss           0x0000000000000000        0x0 /usr/lib/gcc/avr/4.5.3/avr5/libgcc.a(_pack_sf.o)
 .data          0x0000000000000000        0x0 /usr/lib/gcc/avr/4.5.3/avr5/libgcc.a(_unpack_sf.o)
 .bss           0x0000000000000000        0x0 /usr/lib/gcc/avr/4.5.3/avr5/libgcc.a(_unpack_sf.o)
 .data          0x0000000000000000        0x0 /usr/lib/gcc/avr/4.5.3/avr5/libgcc.a(_fpcmp_parts_sf.o)
 .bss           0x0000000000000000        0x0 /usr/lib/gcc/avr/4.5.3/avr5/libgcc.a(_fpcmp_parts_sf.o)
 .text          0x0000000000000000        0x0 /usr/lib/gcc/avr/4.5.3/avr5/libgcc.a(_clz.o)
 .bss           0x0000000000000000        0x0 /usr/lib/gcc/avr/4.5.3/avr5/libgcc.a(_clz.o)
 .text          0x0000000000000000        0x0 /usr/lib/gcc/avr/4.5.3/../../../avr/lib/avr5/libm.a(sqrt.o)
 .data          0x0000000000000000        0x0 /usr/lib/gcc/avr/4.5.3/../../../avr/lib/avr5/libm.a(sqrt.o)
 .bss           0x0000000000000000        0x0 /usr/lib/gcc/avr/4.5.3/../../../avr/lib/avr5/libm.a(sqrt.o)
 .text          0x0000000000000000        0x0 /usr/lib/gcc/avr/4.5.3/../../../avr/lib/avr5/libm.a(fp_mpack.o)
 .data          0x0000000000000000        0x0 /usr/lib/gcc/avr/4.5.3/../../../avr/lib/avr5/libm.a(fp_mpack.o)
 .bss           0x0000000000000000        0x0 /usr/lib/gcc/avr/4.5.3/../../../avr/lib/avr5/libm.a(fp_mpack.o)
 .text          0x0000000000000000        0x0 /usr/lib/gcc/avr/4.5.3/../../../avr/lib/avr5/libm.a(fp_nan.o)
 .data          0x0000000000000000        0x0 /usr/lib/gcc/avr/4.5.3/../../../avr/lib/avr5/libm.a(fp_nan.o)
 .bss           0x0000000000000000        0x0 /usr/lib/gcc/avr/4.5.3/../../../avr/lib/avr5/libm.a(fp_nan.o)
 .text          0x0000000000000000        0x0 /usr/lib/gcc/avr/4.5.3/../../../avr/lib/avr5/libm.a(fp_norm2.o)
 .data          0x0000000000000000        0x0 /usr/lib/gcc/avr/4.5.3/../../../avr/lib/avr5/libm.a(fp_norm2.o)
 .bss           0x0000000000000000        0x0 /usr/lib/gcc/avr/4.5.3/../../../avr/lib/avr5/libm.a(fp_norm2.o)
 .text          0x0000000000000000        0x0 /usr/lib/gcc/avr/4.5.3/../../../avr/lib/avr5/libm.a(fp_split3.o)
 .data          0x0000000000000000        0x0 /usr/lib/gcc/avr/4.5.3/../../../avr/lib/avr5/libm.a(fp_split3.o)
 .bss           0x0000000000000000        0x0 /usr/lib/gcc/avr/4.5.3/../../../avr/lib/avr5/libm.a(fp_split3.o)
 .text          0x0000000000000000        0x0 /usr/lib/gcc/avr/4.5.3/../../../avr/lib/avr5/libc.a(malloc.o)
 .bss           0x0000000000000000        0x0 /usr/lib/gcc/avr/4.5.3/../../../avr/lib/avr5/libc.a(malloc.o)

Memory Configuration

Name             Origin             Length             Attributes
text             0x0000000000000000 0x0000000000020000 xr
data             0x0000000000800060 0x000000000000ffa0 rw !x
eeprom           0x0000000000810000 0x0000000000010000 rw !x
fuse             0x0000000000820000 0x0000000000000400 rw !x
lock             0x0000000000830000 0x0000000000000400 rw !x
signature        0x0000000000840000 0x0000000000000400 rw !x
*default*        0x0000000000000000 0xffffffffffffffff

Linker script and memory map

Address of section .data set to 0x800100
LOAD /usr/lib/gcc/avr/4.5.3/../../../avr/lib/avr5/crtm328p.o
LOAD ./Analog_Digital.o
LOAD ./Uart.o
LOAD ./main.o
LOAD /usr/lib/gcc/avr/4.5.3/avr5/libgcc.a
LOAD /usr/lib/gcc/avr/4.5.3/../../../avr/lib/avr5/libm.a
LOAD /usr/lib/gcc/avr/4.5.3/avr5/libgcc.a
LOAD /usr/lib/gcc/avr/4.5.3/../../../avr/lib/avr5/libc.a
LOAD /usr/lib/gcc/avr/4.5.3/avr5/libgcc.a

.hash
 *(.hash)

.dynsym
 *(.dynsym)

.dynstr
 *(.dynstr)

.gnu.version
 *(.gnu.version)

.gnu.version_d
 *(.gnu.version_d)

.gnu.version_r
 *(.gnu.version_r)

.rel.init
 *(.rel.init)

.rela.init
 *(.rela.init)

.rel.text
 *(.rel.text)
 *(.rel.text.*)
 *(.rel.gnu.linkonce.t*)

.rela.text
 *(.rela.text)
 *(.rela.text.*)
 *(.rela.gnu.linkonce.t*)

.rel.fini
 *(.rel.fini)

.rela.fini
 *(.rela.fini)

.rel.rodata
 *(.rel.rodata)
 *(.rel.rodata.*)
 *(.rel.gnu.linkonce.r*)

.rela.rodata
 *(.rela.rodata)
 *(.rela.rodata.*)
 *(.rela.gnu.linkonce.r*)

.rel.data
 *(.rel.data)
 *(.rel.data.*)
 *(.rel.gnu.linkonce.d*)

.rela.data
 *(.rela.data)
 *(.rela.data.*)
 *(.rela.gnu.linkonce.d*)

.rel.ctors
 *(.rel.ctors)

.rela.ctors
 *(.rela.ctors)

.rel.dtors
 *(.rel.dtors)

.rela.dtors
 *(.rela.dtors)

.rel.got
 *(.rel.got)

.rela.got
 *(.rela.got)

.rel.bss
 *(.rel.bss)

.rela.bss
 *(.rela.bss)

.rel.plt
 *(.rel.plt)

.rela.plt
 *(.rela.plt)

.text           0x0000000000000000     0x1a08
 *(.vectors)
 .vectors       0x0000000000000000       0x68 /usr/lib/gcc/avr/4.5.3/../../../avr/lib/avr5/crtm328p.o
                0x0000000000000000                __vectors
                0x0000000000000000                __vector_default
 *(.vectors)
 *(.progmem.gcc*)
 *(.progmem*)
                0x0000000000000068                . = ALIGN (0x2)
                0x0000000000000068                __trampolines_start = .
 *(.trampolines)
 .trampolines   0x0000000000000068        0x0 linker stubs
 *(.trampolines*)
                0x0000000000000068                __trampolines_end = .
 *(.jumptables)
 *(.jumptables*)
 *(.lowtext)
 *(.lowtext*)
                0x0000000000000068                __ctors_start = .
 *(.ctors)
 .ctors         0x0000000000000068        0x2 ./Analog_Digital.o
 .ctors         0x000000000000006a        0x2 ./Uart.o
                0x000000000000006c                __ctors_end = .
                0x000000000000006c                __dtors_start = .
 *(.dtors)
 .dtors         0x000000000000006c        0x2 ./Analog_Digital.o
 .dtors         0x000000000000006e        0x2 ./Uart.o
                0x0000000000000070                __dtors_end = .
 SORT(*)(.ctors)
 SORT(*)(.dtors)
 *(.init0)
 .init0         0x0000000000000070        0x0 /usr/lib/gcc/avr/4.5.3/../../../avr/lib/avr5/crtm328p.o
                0x0000000000000070                __init
 *(.init0)
 *(.init1)
 *(.init1)
 *(.init2)
 .init2         0x0000000000000070        0xc /usr/lib/gcc/avr/4.5.3/../../../avr/lib/avr5/crtm328p.o
 *(.init2)
 *(.init3)
 *(.init3)
 *(.init4)
 .init4         0x000000000000007c       0x16 /usr/lib/gcc/avr/4.5.3/avr5/libgcc.a(_copy_data.o)
                0x000000000000007c                __do_copy_data
 .init4         0x0000000000000092       0x10 /usr/lib/gcc/avr/4.5.3/avr5/libgcc.a(_clear_bss.o)
                0x0000000000000092                __do_clear_bss
 *(.init4)
 *(.init5)
 *(.init5)
 *(.init6)
 .init6         0x00000000000000a2       0x16 /usr/lib/gcc/avr/4.5.3/avr5/libgcc.a(_ctors.o)
                0x00000000000000a2                __do_global_ctors
 *(.init6)
 *(.init7)
 *(.init7)
 *(.init8)
 *(.init8)
 *(.init9)
 .init9         0x00000000000000b8        0x8 /usr/lib/gcc/avr/4.5.3/../../../avr/lib/avr5/crtm328p.o
 *(.init9)
 *(.text)
 .text          0x00000000000000c0        0x2 /usr/lib/gcc/avr/4.5.3/../../../avr/lib/avr5/crtm328p.o
                0x00000000000000c0                __vector_22
                0x00000000000000c0                __vector_1
                0x00000000000000c0                __vector_24
                0x00000000000000c0                __vector_12
                0x00000000000000c0                __bad_interrupt
                0x00000000000000c0                __vector_6
                0x00000000000000c0                __vector_3
                0x00000000000000c0                __vector_23
                0x00000000000000c0                __vector_25
                0x00000000000000c0                __vector_11
                0x00000000000000c0                __vector_13
                0x00000000000000c0                __vector_17
                0x00000000000000c0                __vector_7
                0x00000000000000c0                __vector_5
                0x00000000000000c0                __vector_4
                0x00000000000000c0                __vector_9
                0x00000000000000c0                __vector_2
                0x00000000000000c0                __vector_15
                0x00000000000000c0                __vector_8
                0x00000000000000c0                __vector_14
                0x00000000000000c0                __vector_10
                0x00000000000000c0                __vector_16
                0x00000000000000c0                __vector_20
 .text          0x00000000000000c2       0x50 /usr/lib/gcc/avr/4.5.3/avr5/libgcc.a(_fixunssfsi.o)
                0x00000000000000c2                __fixunssfsi
 .text          0x0000000000000112      0x340 /usr/lib/gcc/avr/4.5.3/avr5/libgcc.a(_addsub_sf.o)
                0x00000000000003a6                __addsf3
                0x00000000000003f8                __subsf3
 .text          0x0000000000000452      0x1ee /usr/lib/gcc/avr/4.5.3/avr5/libgcc.a(_mul_sf.o)
                0x0000000000000452                __mulsf3
 .text          0x0000000000000640       0x56 /usr/lib/gcc/avr/4.5.3/avr5/libgcc.a(_gt_sf.o)
                0x0000000000000640                __gtsf2
 .text          0x0000000000000696       0x56 /usr/lib/gcc/avr/4.5.3/avr5/libgcc.a(_ge_sf.o)
                0x0000000000000696                __gesf2
 .text          0x00000000000006ec       0x56 /usr/lib/gcc/avr/4.5.3/avr5/libgcc.a(_lt_sf.o)
                0x00000000000006ec                __ltsf2
 .text          0x0000000000000742       0x9e /usr/lib/gcc/avr/4.5.3/avr5/libgcc.a(_sf_to_si.o)
                0x0000000000000742                __fixsfsi
 .text          0x00000000000007e0       0xe8 /usr/lib/gcc/avr/4.5.3/avr5/libgcc.a(_usi_to_sf.o)
                0x00000000000007e0                __floatunsisf
 .text          0x00000000000008c8       0xb4 /usr/lib/gcc/avr/4.5.3/avr5/libgcc.a(_clzsi2.o)
                0x00000000000008c8                __clzsi2
 .text          0x000000000000097c      0x19a /usr/lib/gcc/avr/4.5.3/avr5/libgcc.a(_pack_sf.o)
                0x000000000000097c                __pack_f
 .text          0x0000000000000b16       0xd2 /usr/lib/gcc/avr/4.5.3/avr5/libgcc.a(_unpack_sf.o)
                0x0000000000000b16                __unpack_f
 .text          0x0000000000000be8       0xb2 /usr/lib/gcc/avr/4.5.3/avr5/libgcc.a(_fpcmp_parts_sf.o)
                0x0000000000000be8                __fpcmp_parts_f
                0x0000000000000c9a                . = ALIGN (0x2)
 *(.text.*)
 .text._ZdlPv   0x0000000000000c9a       0x1e ./Analog_Digital.o
                0x0000000000000c9a                _ZdlPv
 .text._ZN14Analog_DigitalC2Ev
                0x0000000000000cb8       0x4a ./Analog_Digital.o
                0x0000000000000cb8                _ZN14Analog_DigitalC1Ev
                0x0000000000000cb8                _ZN14Analog_DigitalC2Ev
 .text._ZN14Analog_DigitalD2Ev
                0x0000000000000d02       0x40 ./Analog_Digital.o
                0x0000000000000d02                _ZN14Analog_DigitalD2Ev
                0x0000000000000d02                _ZN14Analog_DigitalD1Ev
 .text._ZN14Analog_DigitalD0Ev
                0x0000000000000d42       0x24 ./Analog_Digital.o
                0x0000000000000d42                _ZN14Analog_DigitalD0Ev
 .text.__vector_21
                0x0000000000000d66       0x52 ./Analog_Digital.o
                0x0000000000000d66                __vector_21
 .text._ZN14Analog_Digital13interrupt_adcEv
                0x0000000000000db8       0x40 ./Analog_Digital.o
                0x0000000000000db8                _ZN14Analog_Digital13interrupt_adcEv
 .text._ZN14Analog_Digital3rmsEi
                0x0000000000000df8       0xd4 ./Analog_Digital.o
                0x0000000000000df8                _ZN14Analog_Digital3rmsEi
 .text._ZN15Circular_BufferILi23EEC1Ev
                0x0000000000000ecc       0x3a ./Analog_Digital.o
                0x0000000000000ecc                _ZN15Circular_BufferILi23EEC1Ev
 .text._ZN15Circular_BufferILi23EED1Ev
                0x0000000000000f06       0x38 ./Analog_Digital.o
                0x0000000000000f06                _ZN15Circular_BufferILi23EED1Ev
 .text._ZN15Circular_BufferILi23EED0Ev
                0x0000000000000f3e       0x24 ./Analog_Digital.o
                0x0000000000000f3e                _ZN15Circular_BufferILi23EED0Ev
 .text._ZN15Circular_BufferILi23EE4pushEj
                0x0000000000000f62       0x72 ./Analog_Digital.o
                0x0000000000000f62                _ZN15Circular_BufferILi23EE4pushEj
 .text._Z41__static_initialization_and_destruction_0ii
                0x0000000000000fd4       0x58 ./Analog_Digital.o
 .text._GLOBAL__I__ZN14Analog_Digital3adcE
                0x000000000000102c       0x18 ./Analog_Digital.o
 .text._GLOBAL__D__ZN14Analog_Digital3adcE
                0x0000000000001044       0x18 ./Analog_Digital.o
 .text._ZN4UartC2Ev
                0x000000000000105c       0x4e ./Uart.o
                0x000000000000105c                _ZN4UartC2Ev
                0x000000000000105c                _ZN4UartC1Ev
 .text._ZN4Uart3putEh
                0x00000000000010aa       0x3e ./Uart.o
                0x00000000000010aa                _ZN4Uart3putEh
 .text._ZN4Uart20rx_interrupt_handlerEv
                0x00000000000010e8       0x22 ./Uart.o
                0x00000000000010e8                _ZN4Uart20rx_interrupt_handlerEv
 .text._ZN4Uart23empty_interrupt_handlerEv
                0x000000000000110a       0x42 ./Uart.o
                0x000000000000110a                _ZN4Uart23empty_interrupt_handlerEv
 .text.__vector_18
                0x000000000000114c       0x52 ./Uart.o
                0x000000000000114c                __vector_18
 .text.__vector_19
                0x000000000000119e       0x52 ./Uart.o
                0x000000000000119e                __vector_19
 .text._ZN15Circular_BufferILi73EEC1Ev
                0x00000000000011f0       0x42 ./Uart.o
                0x00000000000011f0                _ZN15Circular_BufferILi73EEC1Ev
 .text._ZN15Circular_BufferILi73EED1Ev
                0x0000000000001232       0x38 ./Uart.o
                0x0000000000001232                _ZN15Circular_BufferILi73EED1Ev
 .text._ZN15Circular_BufferILi73EED0Ev
                0x000000000000126a       0x24 ./Uart.o
                0x000000000000126a                _ZN15Circular_BufferILi73EED0Ev
 .text._ZN15Circular_BufferILi73EE4pushEj
                0x000000000000128e       0x82 ./Uart.o
                0x000000000000128e                _ZN15Circular_BufferILi73EE4pushEj
 .text._ZN15Circular_BufferILi73EE3popEv
                0x0000000000001310       0x82 ./Uart.o
                0x0000000000001310                _ZN15Circular_BufferILi73EE3popEv
 .text._ZN15Circular_BufferILi73EE8has_dataEv
                0x0000000000001392       0x40 ./Uart.o
                0x0000000000001392                _ZN15Circular_BufferILi73EE8has_dataEv
 .text._ZN4UartD1Ev
                0x00000000000013d2       0x28 ./Uart.o
                0x00000000000013d2                _ZN4UartD1Ev
 .text._Z41__static_initialization_and_destruction_0ii
                0x00000000000013fa       0x58 ./Uart.o
 .text._GLOBAL__I__ZN4Uart4uartE
                0x0000000000001452       0x18 ./Uart.o
 .text._GLOBAL__D__ZN4Uart4uartE
                0x000000000000146a       0x18 ./Uart.o
 .text.main     0x0000000000001482      0x152 ./main.o
                0x0000000000001482                main
 .text.libgcc   0x00000000000015d4       0x44 /usr/lib/gcc/avr/4.5.3/avr5/libgcc.a(_udivmodsi4.o)
                0x00000000000015d4                __udivmodsi4
 .text.libgcc   0x0000000000001618       0x38 /usr/lib/gcc/avr/4.5.3/avr5/libgcc.a(_prologue.o)
                0x0000000000001618                __prologue_saves__
 .text.libgcc   0x0000000000001650       0x36 /usr/lib/gcc/avr/4.5.3/avr5/libgcc.a(_epilogue.o)
                0x0000000000001650                __epilogue_restores__
 .text.libgcc   0x0000000000001686        0xc /usr/lib/gcc/avr/4.5.3/avr5/libgcc.a(_tablejump.o)
                0x0000000000001686                __tablejump2__
                0x000000000000168a                __tablejump__
 .text.avr-libc.fplib
                0x0000000000001692       0x84 /usr/lib/gcc/avr/4.5.3/../../../avr/lib/avr5/libm.a(sqrt.o)
                0x000000000000169a                sqrt
 .text.avr-libc.fplib
                0x0000000000001716       0x1c /usr/lib/gcc/avr/4.5.3/../../../avr/lib/avr5/libm.a(fp_mpack.o)
                0x0000000000001716                __fp_mpack
                0x000000000000171a                __fp_mpack_finite
 .text.avr-libc.fplib
                0x0000000000001732        0x6 /usr/lib/gcc/avr/4.5.3/../../../avr/lib/avr5/libm.a(fp_nan.o)
                0x0000000000001732                __fp_nan
 .text.avr-libc.fplib
                0x0000000000001738        0xe /usr/lib/gcc/avr/4.5.3/../../../avr/lib/avr5/libm.a(fp_norm2.o)
                0x0000000000001738                __fp_norm2
 .text.avr-libc.fplib
                0x0000000000001746       0x44 /usr/lib/gcc/avr/4.5.3/../../../avr/lib/avr5/libm.a(fp_split3.o)
                0x0000000000001746                __fp_split3
                0x0000000000001756                __fp_splitA
 .text.avr-libc
                0x000000000000178a      0x266 /usr/lib/gcc/avr/4.5.3/../../../avr/lib/avr5/libc.a(malloc.o)
                0x000000000000178a                malloc
                0x00000000000018be                free
                0x00000000000019f0                . = ALIGN (0x2)
 *(.fini9)
 .fini9         0x00000000000019f0        0x0 /usr/lib/gcc/avr/4.5.3/avr5/libgcc.a(_exit.o)
                0x00000000000019f0                exit
                0x00000000000019f0                _exit
 *(.fini9)
 *(.fini8)
 *(.fini8)
 *(.fini7)
 *(.fini7)
 *(.fini6)
 .fini6         0x00000000000019f0       0x14 /usr/lib/gcc/avr/4.5.3/avr5/libgcc.a(_dtors.o)
                0x00000000000019f0                __do_global_dtors
 *(.fini6)
 *(.fini5)
 *(.fini5)
 *(.fini4)
 *(.fini4)
 *(.fini3)
 *(.fini3)
 *(.fini2)
 *(.fini2)
 *(.fini1)
 *(.fini1)
 *(.fini0)
 .fini0         0x0000000000001a04        0x4 /usr/lib/gcc/avr/4.5.3/avr5/libgcc.a(_exit.o)
 *(.fini0)
                0x0000000000001a08                _etext = .

.data           0x0000000000800100      0x126 load address 0x0000000000001a08
                0x0000000000800100                PROVIDE (__data_start, .)
 *(.data)
 .data          0x0000000000800100        0x8 /usr/lib/gcc/avr/4.5.3/avr5/libgcc.a(_thenan_sf.o)
                0x0000000000800100                __thenan_sf
 .data          0x0000000000800108      0x100 /usr/lib/gcc/avr/4.5.3/avr5/libgcc.a(_clz.o)
                0x0000000000800108                __clz_tab
 .data          0x0000000000800208        0x6 /usr/lib/gcc/avr/4.5.3/../../../avr/lib/avr5/libc.a(malloc.o)
                0x0000000000800208                __malloc_margin
                0x000000000080020a                __malloc_heap_start
                0x000000000080020c                __malloc_heap_end
 *(.data*)
 *(.rodata)
 *(.rodata*)
 .rodata._ZTV14Analog_Digital
                0x000000000080020e        0x8 ./Analog_Digital.o
                0x000000000080020e                _ZTV14Analog_Digital
 .rodata._ZTV15Circular_BufferILi23EE
                0x0000000000800216        0x8 ./Analog_Digital.o
                0x0000000000800216                _ZTV15Circular_BufferILi23EE
 .rodata._ZTV15Circular_BufferILi73EE
                0x000000000080021e        0x8 ./Uart.o
                0x000000000080021e                _ZTV15Circular_BufferILi73EE
 *(.gnu.linkonce.d*)
                0x0000000000800226                . = ALIGN (0x2)
                0x0000000000800226                _edata = .
                0x0000000000800226                PROVIDE (__data_end, .)

.bss            0x0000000000800226      0x16a
                0x0000000000800226                PROVIDE (__bss_start, .)
 *(.bss)
 *(.bss*)
 .bss._ZN14Analog_Digital3adcE
                0x0000000000800226       0x36 ./Analog_Digital.o
                0x0000000000800226                _ZN14Analog_Digital3adcE
 .bss._ZN4Uart4uartE
                0x000000000080025c      0x130 ./Uart.o
                0x000000000080025c                _ZN4Uart4uartE
 *(COMMON)
 COMMON         0x000000000080038c        0x4 /usr/lib/gcc/avr/4.5.3/../../../avr/lib/avr5/libc.a(malloc.o)
                0x000000000080038c                __brkval
                0x000000000080038e                __flp
                0x0000000000800390                PROVIDE (__bss_end, .)
                0x0000000000001a08                __data_load_start = LOADADDR (.data)
                0x0000000000001b2e                __data_load_end = (__data_load_start + SIZEOF (.data))

.noinit         0x0000000000800390        0x0
                0x0000000000800390                PROVIDE (__noinit_start, .)
 *(.noinit*)
                0x0000000000800390                PROVIDE (__noinit_end, .)
                0x0000000000800390                _end = .
                0x0000000000800390                PROVIDE (__heap_start, .)

.eeprom         0x0000000000810000        0x0
 *(.eeprom*)
                0x0000000000810000                __eeprom_end = .

.fuse
 *(.fuse)
 *(.lfuse)
 *(.hfuse)
 *(.efuse)

.lock
 *(.lock*)

.signature
 *(.signature*)

.stab           0x0000000000000000     0x2964
 *(.stab)
 .stab          0x0000000000000000      0x6cc /usr/lib/gcc/avr/4.5.3/../../../avr/lib/avr5/crtm328p.o
 .stab          0x00000000000006cc      0x828 ./Analog_Digital.o
                                        0x87c (size before relaxing)
 .stab          0x0000000000000ef4      0x798 ./Uart.o
                                        0x87c (size before relaxing)
 .stab          0x000000000000168c      0x4a4 ./main.o
                                        0x4b0 (size before relaxing)
 .stab          0x0000000000001b30      0x354 /usr/lib/gcc/avr/4.5.3/../../../avr/lib/avr5/libm.a(sqrt.o)
                                        0x360 (size before relaxing)
 .stab          0x0000000000001e84       0xe4 /usr/lib/gcc/avr/4.5.3/../../../avr/lib/avr5/libm.a(fp_mpack.o)
                                         0xf0 (size before relaxing)
 .stab          0x0000000000001f68       0x54 /usr/lib/gcc/avr/4.5.3/../../../avr/lib/avr5/libm.a(fp_nan.o)
                                         0x60 (size before relaxing)
 .stab          0x0000000000001fbc       0x84 /usr/lib/gcc/avr/4.5.3/../../../avr/lib/avr5/libm.a(fp_norm2.o)
                                         0x90 (size before relaxing)
 .stab          0x0000000000002040      0x1d4 /usr/lib/gcc/avr/4.5.3/../../../avr/lib/avr5/libm.a(fp_split3.o)
                                        0x1e0 (size before relaxing)
 .stab          0x0000000000002214      0x750 /usr/lib/gcc/avr/4.5.3/../../../avr/lib/avr5/libc.a(malloc.o)
                                        0x75c (size before relaxing)

.stabstr        0x0000000000000000     0x1b62
 *(.stabstr)
 .stabstr       0x0000000000000000     0x1b62 /usr/lib/gcc/avr/4.5.3/../../../avr/lib/avr5/crtm328p.o

.stab.excl
 *(.stab.excl)

.stab.exclstr
 *(.stab.exclstr)

.stab.index
 *(.stab.index)

.stab.indexstr
 *(.stab.indexstr)

.comment
 *(.comment)

.debug
 *(.debug)

.line
 *(.line)

.debug_srcinfo
 *(.debug_srcinfo)

.debug_sfnames
 *(.debug_sfnames)

.debug_aranges
 *(.debug_aranges)

.debug_pubnames
 *(.debug_pubnames)

.debug_info
 *(.debug_info)
 *(.gnu.linkonce.wi.*)

.debug_abbrev
 *(.debug_abbrev)

.debug_line
 *(.debug_line)

.debug_frame
 *(.debug_frame)

.debug_str
 *(.debug_str)

.debug_loc
 *(.debug_loc)

.debug_macinfo
 *(.debug_macinfo)
OUTPUT(analog.elf elf32-avr)
LOAD linker stubs

Cross Reference Table

Symbol                                            File
Analog_Digital::Analog_Digital()                  ./Analog_Digital.o
                                                  ./main.o
Analog_Digital::Analog_Digital()                  ./Analog_Digital.o
Analog_Digital::adc                               ./Analog_Digital.o
Analog_Digital::interrupt_adc()                   ./Analog_Digital.o
Analog_Digital::rms(int)                          ./Analog_Digital.o
                                                  ./main.o
Analog_Digital::to_analog(unsigned long)          ./Analog_Digital.o
Analog_Digital::~Analog_Digital()                 ./Analog_Digital.o
Analog_Digital::~Analog_Digital()                 ./Analog_Digital.o
Analog_Digital::~Analog_Digital()                 ./Analog_Digital.o
Circular_Buffer<23>::Circular_Buffer()            ./Analog_Digital.o
Circular_Buffer<23>::push(unsigned int)           ./Analog_Digital.o
Circular_Buffer<23>::~Circular_Buffer()           ./Analog_Digital.o
Circular_Buffer<23>::~Circular_Buffer()           ./Analog_Digital.o
Circular_Buffer<73>::Circular_Buffer()            ./Uart.o
Circular_Buffer<73>::has_data()                   ./Uart.o
Circular_Buffer<73>::pop()                        ./Uart.o
Circular_Buffer<73>::push(unsigned int)           ./Uart.o
Circular_Buffer<73>::~Circular_Buffer()           ./Uart.o
Circular_Buffer<73>::~Circular_Buffer()           ./Uart.o
Uart::Uart()                                      ./Uart.o
Uart::Uart()                                      ./Uart.o
                                                  ./main.o
Uart::empty_interrupt_handler()                   ./Uart.o
Uart::get()                                       ./Uart.o
Uart::has_data()                                  ./Uart.o
Uart::interruptoff()                              ./Uart.o
Uart::interrupton()                               ./Uart.o
Uart::put(unsigned char)                          ./Uart.o
                                                  ./main.o
Uart::rx_interrupt_handler()                      ./Uart.o
Uart::uart                                        ./Uart.o
Uart::~Uart()                                     ./Uart.o
__addsf3                                          /usr/lib/gcc/avr/4.5.3/avr5/libgcc.a(_addsub_sf.o)
__bad_interrupt                                   /usr/lib/gcc/avr/4.5.3/../../../avr/lib/avr5/crtm328p.o
__brkval                                          /usr/lib/gcc/avr/4.5.3/../../../avr/lib/avr5/libc.a(malloc.o)
__bss_end                                         /usr/lib/gcc/avr/4.5.3/avr5/libgcc.a(_clear_bss.o)
__bss_start                                       /usr/lib/gcc/avr/4.5.3/avr5/libgcc.a(_clear_bss.o)
__clz_tab                                         /usr/lib/gcc/avr/4.5.3/avr5/libgcc.a(_clz.o)
                                                  /usr/lib/gcc/avr/4.5.3/avr5/libgcc.a(_clzsi2.o)
__clzsi2                                          /usr/lib/gcc/avr/4.5.3/avr5/libgcc.a(_clzsi2.o)
                                                  /usr/lib/gcc/avr/4.5.3/avr5/libgcc.a(_usi_to_sf.o)
__ctors_end                                       /usr/lib/gcc/avr/4.5.3/avr5/libgcc.a(_ctors.o)
__ctors_start                                     /usr/lib/gcc/avr/4.5.3/avr5/libgcc.a(_ctors.o)
__data_end                                        /usr/lib/gcc/avr/4.5.3/avr5/libgcc.a(_copy_data.o)
__data_load_start                                 /usr/lib/gcc/avr/4.5.3/avr5/libgcc.a(_copy_data.o)
__data_start                                      /usr/lib/gcc/avr/4.5.3/avr5/libgcc.a(_copy_data.o)
__do_clear_bss                                    /usr/lib/gcc/avr/4.5.3/avr5/libgcc.a(_clear_bss.o)
                                                  /usr/lib/gcc/avr/4.5.3/../../../avr/lib/avr5/libc.a(malloc.o)
                                                  ./Uart.o
                                                  ./Analog_Digital.o
__do_copy_data                                    /usr/lib/gcc/avr/4.5.3/avr5/libgcc.a(_copy_data.o)
                                                  /usr/lib/gcc/avr/4.5.3/../../../avr/lib/avr5/libc.a(malloc.o)
                                                  /usr/lib/gcc/avr/4.5.3/avr5/libgcc.a(_clz.o)
                                                  /usr/lib/gcc/avr/4.5.3/avr5/libgcc.a(_thenan_sf.o)
                                                  ./Uart.o
                                                  ./Analog_Digital.o
__do_global_ctors                                 /usr/lib/gcc/avr/4.5.3/avr5/libgcc.a(_ctors.o)
                                                  ./Uart.o
                                                  ./Analog_Digital.o
__do_global_dtors                                 /usr/lib/gcc/avr/4.5.3/avr5/libgcc.a(_dtors.o)
                                                  ./Uart.o
                                                  ./Analog_Digital.o
__dtors_end                                       /usr/lib/gcc/avr/4.5.3/avr5/libgcc.a(_dtors.o)
__dtors_start                                     /usr/lib/gcc/avr/4.5.3/avr5/libgcc.a(_dtors.o)
__epilogue_restores__                             /usr/lib/gcc/avr/4.5.3/avr5/libgcc.a(_epilogue.o)
                                                  /usr/lib/gcc/avr/4.5.3/avr5/libgcc.a(_pack_sf.o)
                                                  /usr/lib/gcc/avr/4.5.3/avr5/libgcc.a(_usi_to_sf.o)
                                                  /usr/lib/gcc/avr/4.5.3/avr5/libgcc.a(_sf_to_si.o)
                                                  /usr/lib/gcc/avr/4.5.3/avr5/libgcc.a(_lt_sf.o)
                                                  /usr/lib/gcc/avr/4.5.3/avr5/libgcc.a(_ge_sf.o)
                                                  /usr/lib/gcc/avr/4.5.3/avr5/libgcc.a(_gt_sf.o)
                                                  /usr/lib/gcc/avr/4.5.3/avr5/libgcc.a(_mul_sf.o)
                                                  /usr/lib/gcc/avr/4.5.3/avr5/libgcc.a(_addsub_sf.o)
__fixsfsi                                         /usr/lib/gcc/avr/4.5.3/avr5/libgcc.a(_sf_to_si.o)
                                                  /usr/lib/gcc/avr/4.5.3/avr5/libgcc.a(_fixunssfsi.o)
__fixunssfsi                                      /usr/lib/gcc/avr/4.5.3/avr5/libgcc.a(_fixunssfsi.o)
                                                  ./main.o
                                                  ./Analog_Digital.o
__floatunsisf                                     /usr/lib/gcc/avr/4.5.3/avr5/libgcc.a(_usi_to_sf.o)
                                                  ./Analog_Digital.o
__flp                                             /usr/lib/gcc/avr/4.5.3/../../../avr/lib/avr5/libc.a(malloc.o)
__fp_mpack                                        /usr/lib/gcc/avr/4.5.3/../../../avr/lib/avr5/libm.a(fp_mpack.o)
                                                  /usr/lib/gcc/avr/4.5.3/../../../avr/lib/avr5/libm.a(sqrt.o)
__fp_mpack_finite                                 /usr/lib/gcc/avr/4.5.3/../../../avr/lib/avr5/libm.a(fp_mpack.o)
__fp_nan                                          /usr/lib/gcc/avr/4.5.3/../../../avr/lib/avr5/libm.a(fp_nan.o)
                                                  /usr/lib/gcc/avr/4.5.3/../../../avr/lib/avr5/libm.a(sqrt.o)
__fp_norm2                                        /usr/lib/gcc/avr/4.5.3/../../../avr/lib/avr5/libm.a(fp_norm2.o)
                                                  /usr/lib/gcc/avr/4.5.3/../../../avr/lib/avr5/libm.a(sqrt.o)
__fp_split3                                       /usr/lib/gcc/avr/4.5.3/../../../avr/lib/avr5/libm.a(fp_split3.o)
__fp_splitA                                       /usr/lib/gcc/avr/4.5.3/../../../avr/lib/avr5/libm.a(fp_split3.o)
                                                  /usr/lib/gcc/avr/4.5.3/../../../avr/lib/avr5/libm.a(sqrt.o)
__fpcmp_parts_f                                   /usr/lib/gcc/avr/4.5.3/avr5/libgcc.a(_fpcmp_parts_sf.o)
                                                  /usr/lib/gcc/avr/4.5.3/avr5/libgcc.a(_lt_sf.o)
                                                  /usr/lib/gcc/avr/4.5.3/avr5/libgcc.a(_ge_sf.o)
                                                  /usr/lib/gcc/avr/4.5.3/avr5/libgcc.a(_gt_sf.o)
__gesf2                                           /usr/lib/gcc/avr/4.5.3/avr5/libgcc.a(_ge_sf.o)
                                                  /usr/lib/gcc/avr/4.5.3/avr5/libgcc.a(_fixunssfsi.o)
__gtsf2                                           /usr/lib/gcc/avr/4.5.3/avr5/libgcc.a(_gt_sf.o)
                                                  ./main.o
__heap_end                                        /usr/lib/gcc/avr/4.5.3/../../../avr/lib/avr5/crtm328p.o
                                                  /usr/lib/gcc/avr/4.5.3/../../../avr/lib/avr5/libc.a(malloc.o)
__heap_start                                      /usr/lib/gcc/avr/4.5.3/../../../avr/lib/avr5/libc.a(malloc.o)
__init                                            /usr/lib/gcc/avr/4.5.3/../../../avr/lib/avr5/crtm328p.o
__ltsf2                                           /usr/lib/gcc/avr/4.5.3/avr5/libgcc.a(_lt_sf.o)
                                                  ./main.o
__malloc_heap_end                                 /usr/lib/gcc/avr/4.5.3/../../../avr/lib/avr5/libc.a(malloc.o)
__malloc_heap_start                               /usr/lib/gcc/avr/4.5.3/../../../avr/lib/avr5/libc.a(malloc.o)
__malloc_margin                                   /usr/lib/gcc/avr/4.5.3/../../../avr/lib/avr5/libc.a(malloc.o)
__mulsf3                                          /usr/lib/gcc/avr/4.5.3/avr5/libgcc.a(_mul_sf.o)
                                                  ./main.o
__pack_f                                          /usr/lib/gcc/avr/4.5.3/avr5/libgcc.a(_pack_sf.o)
                                                  /usr/lib/gcc/avr/4.5.3/avr5/libgcc.a(_usi_to_sf.o)
                                                  /usr/lib/gcc/avr/4.5.3/avr5/libgcc.a(_mul_sf.o)
                                                  /usr/lib/gcc/avr/4.5.3/avr5/libgcc.a(_addsub_sf.o)
__prologue_saves__                                /usr/lib/gcc/avr/4.5.3/avr5/libgcc.a(_prologue.o)
                                                  /usr/lib/gcc/avr/4.5.3/avr5/libgcc.a(_usi_to_sf.o)
                                                  /usr/lib/gcc/avr/4.5.3/avr5/libgcc.a(_sf_to_si.o)
                                                  /usr/lib/gcc/avr/4.5.3/avr5/libgcc.a(_lt_sf.o)
                                                  /usr/lib/gcc/avr/4.5.3/avr5/libgcc.a(_ge_sf.o)
                                                  /usr/lib/gcc/avr/4.5.3/avr5/libgcc.a(_gt_sf.o)
                                                  /usr/lib/gcc/avr/4.5.3/avr5/libgcc.a(_mul_sf.o)
                                                  /usr/lib/gcc/avr/4.5.3/avr5/libgcc.a(_addsub_sf.o)
__stack                                           /usr/lib/gcc/avr/4.5.3/../../../avr/lib/avr5/crtm328p.o
__subsf3                                          /usr/lib/gcc/avr/4.5.3/avr5/libgcc.a(_addsub_sf.o)
                                                  /usr/lib/gcc/avr/4.5.3/avr5/libgcc.a(_fixunssfsi.o)
__tablejump2__                                    /usr/lib/gcc/avr/4.5.3/avr5/libgcc.a(_tablejump.o)
__tablejump__                                     /usr/lib/gcc/avr/4.5.3/avr5/libgcc.a(_tablejump.o)
                                                  /usr/lib/gcc/avr/4.5.3/avr5/libgcc.a(_dtors.o)
                                                  /usr/lib/gcc/avr/4.5.3/avr5/libgcc.a(_ctors.o)
__thenan_sf                                       /usr/lib/gcc/avr/4.5.3/avr5/libgcc.a(_thenan_sf.o)
                                                  /usr/lib/gcc/avr/4.5.3/avr5/libgcc.a(_mul_sf.o)
                                                  /usr/lib/gcc/avr/4.5.3/avr5/libgcc.a(_addsub_sf.o)
__udivmodsi4                                      /usr/lib/gcc/avr/4.5.3/avr5/libgcc.a(_udivmodsi4.o)
                                                  ./Analog_Digital.o
__unpack_f                                        /usr/lib/gcc/avr/4.5.3/avr5/libgcc.a(_unpack_sf.o)
                                                  /usr/lib/gcc/avr/4.5.3/avr5/libgcc.a(_sf_to_si.o)
                                                  /usr/lib/gcc/avr/4.5.3/avr5/libgcc.a(_lt_sf.o)
                                                  /usr/lib/gcc/avr/4.5.3/avr5/libgcc.a(_ge_sf.o)
                                                  /usr/lib/gcc/avr/4.5.3/avr5/libgcc.a(_gt_sf.o)
                                                  /usr/lib/gcc/avr/4.5.3/avr5/libgcc.a(_mul_sf.o)
                                                  /usr/lib/gcc/avr/4.5.3/avr5/libgcc.a(_addsub_sf.o)
__vector_1                                        /usr/lib/gcc/avr/4.5.3/../../../avr/lib/avr5/crtm328p.o
__vector_10                                       /usr/lib/gcc/avr/4.5.3/../../../avr/lib/avr5/crtm328p.o
__vector_11                                       /usr/lib/gcc/avr/4.5.3/../../../avr/lib/avr5/crtm328p.o
__vector_12                                       /usr/lib/gcc/avr/4.5.3/../../../avr/lib/avr5/crtm328p.o
__vector_13                                       /usr/lib/gcc/avr/4.5.3/../../../avr/lib/avr5/crtm328p.o
__vector_14                                       /usr/lib/gcc/avr/4.5.3/../../../avr/lib/avr5/crtm328p.o
__vector_15                                       /usr/lib/gcc/avr/4.5.3/../../../avr/lib/avr5/crtm328p.o
__vector_16                                       /usr/lib/gcc/avr/4.5.3/../../../avr/lib/avr5/crtm328p.o
__vector_17                                       /usr/lib/gcc/avr/4.5.3/../../../avr/lib/avr5/crtm328p.o
__vector_18                                       ./Uart.o
                                                  /usr/lib/gcc/avr/4.5.3/../../../avr/lib/avr5/crtm328p.o
__vector_19                                       ./Uart.o
                                                  /usr/lib/gcc/avr/4.5.3/../../../avr/lib/avr5/crtm328p.o
__vector_2                                        /usr/lib/gcc/avr/4.5.3/../../../avr/lib/avr5/crtm328p.o
__vector_20                                       /usr/lib/gcc/avr/4.5.3/../../../avr/lib/avr5/crtm328p.o
__vector_21                                       ./Analog_Digital.o
                                                  /usr/lib/gcc/avr/4.5.3/../../../avr/lib/avr5/crtm328p.o
__vector_22                                       /usr/lib/gcc/avr/4.5.3/../../../avr/lib/avr5/crtm328p.o
__vector_23                                       /usr/lib/gcc/avr/4.5.3/../../../avr/lib/avr5/crtm328p.o
__vector_24                                       /usr/lib/gcc/avr/4.5.3/../../../avr/lib/avr5/crtm328p.o
__vector_25                                       /usr/lib/gcc/avr/4.5.3/../../../avr/lib/avr5/crtm328p.o
__vector_3                                        /usr/lib/gcc/avr/4.5.3/../../../avr/lib/avr5/crtm328p.o
__vector_4                                        /usr/lib/gcc/avr/4.5.3/../../../avr/lib/avr5/crtm328p.o
__vector_5                                        /usr/lib/gcc/avr/4.5.3/../../../avr/lib/avr5/crtm328p.o
__vector_6                                        /usr/lib/gcc/avr/4.5.3/../../../avr/lib/avr5/crtm328p.o
__vector_7                                        /usr/lib/gcc/avr/4.5.3/../../../avr/lib/avr5/crtm328p.o
__vector_8                                        /usr/lib/gcc/avr/4.5.3/../../../avr/lib/avr5/crtm328p.o
__vector_9                                        /usr/lib/gcc/avr/4.5.3/../../../avr/lib/avr5/crtm328p.o
__vector_default                                  /usr/lib/gcc/avr/4.5.3/../../../avr/lib/avr5/crtm328p.o
__vectors                                         /usr/lib/gcc/avr/4.5.3/../../../avr/lib/avr5/crtm328p.o
_exit                                             /usr/lib/gcc/avr/4.5.3/avr5/libgcc.a(_exit.o)
exit                                              /usr/lib/gcc/avr/4.5.3/avr5/libgcc.a(_exit.o)
                                                  /usr/lib/gcc/avr/4.5.3/../../../avr/lib/avr5/crtm328p.o
free                                              /usr/lib/gcc/avr/4.5.3/../../../avr/lib/avr5/libc.a(malloc.o)
                                                  ./Analog_Digital.o
main                                              ./main.o
                                                  /usr/lib/gcc/avr/4.5.3/../../../avr/lib/avr5/crtm328p.o
malloc                                            /usr/lib/gcc/avr/4.5.3/../../../avr/lib/avr5/libc.a(malloc.o)
operator delete(void*)                            ./Analog_Digital.o
                                                  ./Uart.o
sqrt                                              /usr/lib/gcc/avr/4.5.3/../../../avr/lib/avr5/libm.a(sqrt.o)
                                                  ./Analog_Digital.o
vtable for Analog_Digital                         ./Analog_Digital.o
vtable for Circular_Buffer<23>                    ./Analog_Digital.o
vtable for Circular_Buffer<73>                    ./Uart.o
